ðŸŒŸ This was machine generated.  Do not edit. ðŸŒŸ

Frame[0] {}
Name: 
Dimensions: 5 Fields by 3 Rows
+-----------------+------------------+----------------------+-----------------------+-----------------------+
| Name: name      | Name: id         | Name: organizationID | Name: retentionPolicy | Name: retentionPeriod |
| Labels:         | Labels:          | Labels:              | Labels:               | Labels:               |
| Type: []*string | Type: []*string  | Type: []*string      | Type: []*string       | Type: []*int64        |
+-----------------+------------------+----------------------+-----------------------+-----------------------+
| grafinsight     | 059b46a59abab001 | 059b46a59abab000     | null                  | 604800000000000       |
| _tasks          | 059b46a59abab002 | 059b46a59abab000     | null                  | 259200000000000       |
| _monitoring     | 059b46a59abab003 | 059b46a59abab000     | null                  | 604800000000000       |
+-----------------+------------------+----------------------+-----------------------+-----------------------+


====== TEST DATA RESPONSE (arrow base64) ======
FRAME=QVJST1cxAAD/////0AIAABAAAAAAAAoADgAMAAsABAAKAAAAFAAAAAAAAAEDAAoADAAAAAgABAAKAAAACAAAAHQAAAADAAAATAAAACgAAAAEAAAAvP3//wgAAAAMAAAAAAAAAAAAAAAFAAAAcmVmSWQAAADc/f//CAAAAAwAAAAAAAAAAAAAAAQAAABuYW1lAAAAAPz9//8IAAAADAAAAAIAAAB7fQAABAAAAG1ldGEAAAAABQAAAMABAABYAQAA7AAAAIAAAAAEAAAAZv7//xQAAABEAAAATAAAAAAAAgFQAAAAAQAAAAQAAABU/v//CAAAABgAAAAPAAAAcmV0ZW50aW9uUGVyaW9kAAQAAABuYW1lAAAAAAAAAAAIAAwACAAHAAgAAAAAAAABQAAAAA8AAAByZXRlbnRpb25QZXJpb2QA3v7//xQAAABEAAAARAAAAAAABQFAAAAAAQAAAAQAAADM/v//CAAAABgAAAAPAAAAcmV0ZW50aW9uUG9saWN5AAQAAABuYW1lAAAAAAAAAADM/v//DwAAAHJldGVudGlvblBvbGljeQBG////FAAAAEQAAABEAAAAAAAFAUAAAAABAAAABAAAADT///8IAAAAGAAAAA4AAABvcmdhbml6YXRpb25JRAAABAAAAG5hbWUAAAAAAAAAADT///8OAAAAb3JnYW5pemF0aW9uSUQAAK7///8UAAAAOAAAADgAAAAAAAUBNAAAAAEAAAAEAAAAnP///wgAAAAMAAAAAgAAAGlkAAAEAAAAbmFtZQAAAAAAAAAAkP///wIAAABpZAAAAAASABgAFAATABIADAAAAAgABAASAAAAFAAAAEQAAABIAAAAAAAFAUQAAAABAAAADAAAAAgADAAIAAQACAAAAAgAAAAQAAAABAAAAG5hbWUAAAAABAAAAG5hbWUAAAAAAAAAAAQABAAEAAAABAAAAG5hbWUAAAAAAAAAAP////+IAQAAFAAAAAAAAAAMABYAFAATAAwABAAMAAAA4AAAAAAAAAAUAAAAAAAAAwMACgAYAAwACAAEAAoAAAAUAAAA+AAAAAMAAAAAAAAAAAAAAA4AAAAAAAAAAAAAAAAAAAAAAAAAAAAAAAAAAAAQAAAAAAAAABAAAAAAAAAAIAAAAAAAAAAwAAAAAAAAAAAAAAAAAAAAMAAAAAAAAAAQAAAAAAAAAEAAAAAAAAAAMAAAAAAAAABwAAAAAAAAAAAAAAAAAAAAcAAAAAAAAAAQAAAAAAAAAIAAAAAAAAAAMAAAAAAAAACwAAAAAAAAAAgAAAAAAAAAuAAAAAAAAAAQAAAAAAAAAMgAAAAAAAAAAAAAAAAAAADIAAAAAAAAAAAAAAAAAAAAyAAAAAAAAAAYAAAAAAAAAAAAAAAFAAAAAwAAAAAAAAAAAAAAAAAAAAMAAAAAAAAAAAAAAAAAAAADAAAAAAAAAAAAAAAAAAAAAwAAAAAAAAADAAAAAAAAAAMAAAAAAAAAAAAAAAAAAAAAAAAACwAAABEAAAAcAAAAZ3JhZmluc2lnaHRfdGFza3NfbW9uaXRvcmluZwAAAAAAAAAAEAAAACAAAAAwAAAAMDU5YjQ2YTU5YWJhYjAwMTA1OWI0NmE1OWFiYWIwMDIwNTliNDZhNTlhYmFiMDAzAAAAABAAAAAgAAAAMAAAADA1OWI0NmE1OWFiYWIwMDAwNTliNDZhNTlhYmFiMDAwMDU5YjQ2YTU5YWJhYjAwMAAAAAAAAAAAAAAAAAAAAAAAAAAAAAAAAAAAKfkPJgIAAADts73rAAAAACn5DyYCABAAAAAMABQAEgAMAAgABAAMAAAAEAAAACwAAAA4AAAAAAADAAEAAADgAgAAAAAAAJABAAAAAAAA4AAAAAAAAAAAAAAAAAAAAAAACgAMAAAACAAEAAoAAAAIAAAAdAAAAAMAAABMAAAAKAAAAAQAAAC8/f//CAAAAAwAAAAAAAAAAAAAAAUAAAByZWZJZAAAANz9//8IAAAADAAAAAAAAAAAAAAABAAAAG5hbWUAAAAA/P3//wgAAAAMAAAAAgAAAHt9AAAEAAAAbWV0YQAAAAAFAAAAwAEAAFgBAADsAAAAgAAAAAQAAABm/v//FAAAAEQAAABMAAAAAAACAVAAAAABAAAABAAAAFT+//8IAAAAGAAAAA8AAAByZXRlbnRpb25QZXJpb2QABAAAAG5hbWUAAAAAAAAAAAgADAAIAAcACAAAAAAAAAFAAAAADwAAAHJldGVudGlvblBlcmlvZADe/v//FAAAAEQAAABEAAAAAAAFAUAAAAABAAAABAAAAMz+//8IAAAAGAAAAA8AAAByZXRlbnRpb25Qb2xpY3kABAAAAG5hbWUAAAAAAAAAAMz+//8PAAAAcmV0ZW50aW9uUG9saWN5AEb///8UAAAARAAAAEQAAAAAAAUBQAAAAAEAAAAEAAAANP///wgAAAAYAAAADgAAAG9yZ2FuaXphdGlvbklEAAAEAAAAbmFtZQAAAAAAAAAANP///w4AAABvcmdhbml6YXRpb25JRAAArv///xQAAAA4AAAAOAAAAAAABQE0AAAAAQAAAAQAAACc////CAAAAAwAAAACAAAAaWQAAAQAAABuYW1lAAAAAAAAAACQ////AgAAAGlkAAAAABIAGAAUABMAEgAMAAAACAAEABIAAAAUAAAARAAAAEgAAAAAAAUBRAAAAAEAAAAMAAAACAAMAAgABAAIAAAACAAAABAAAAAEAAAAbmFtZQAAAAAEAAAAbmFtZQAAAAAAAAAABAAEAAQAAAAEAAAAbmFtZQAAAAD4AgAAQVJST1cx
